[muskelonpay.com/index.html]
[backblue.gif]
[fade.gif]
[index.html]
[creativecommons.org/ns.html]
[muskelonpay.com/i.imgur.com/removed.png]
[muskelonpay.com/files/m2.css]
[muskelonpay.com/files/main-branding-base.css]
[cdn-static-1.medium.com/_/fp/icons/favicon-rebrand-medium.3Y6xpZ-0FSdWDnPM3hSBIA.ico]
[muskelonpay.com/cdn-images-1.medium.com/fit/c/304/304/1_8I-HPL0bfoIzGied-dzOvA.png]
[muskelonpay.com/cdn-images-1.medium.com/fit/c/240/240/1_8I-HPL0bfoIzGied-dzOvA.png]
[muskelonpay.com/cdn-images-1.medium.com/fit/c/152/152/1_8I-HPL0bfoIzGied-dzOvA.png]
[muskelonpay.com/cdn-images-1.medium.com/fit/c/120/120/1_8I-HPL0bfoIzGied-dzOvA.png]
[cdn-static-1.medium.com/_/fp/icons/monogram-mask.KPLCSFEZviQN0jQ7veN2RQ.svg]
[policy.medium.com/medium-privacy-policy-f03bf92035c9.html]
[medium.com/membershipafd8.html]
[medium.com/index.html]
[medium.com/m/signin2d68.html]
[medium.com/m/signin8186.html]
[twitter.com/elonmusk.html]
[muskelonpay.com/www.teslaevent.org/files/0_jTL6h8JXKd29jdTx.html]
[muskelonpay.com/www.teslaevent.org/files/1_U3yrRtqWkn2cCwLnYCxN-w.html]
[muskelonpay.com/www.teslaevent.org/files/1_U3yrRtqWkn2cCwLnYCxN-w1.html]
[muskelonpay.com/cdn-images-1.medium.com/max/1600/1_UHb2HozobNe2uMS7q2Iz5Q.png]
[muskelonpay.com/files/ava.jpg]
[muskelonpay.com/www.teslaevent.org/_https_/cdn-images-1.medium.com/fit/c/267/80/1_W3NAlwQT1bOtU5fmLkSsAw.html]
[blog.bolt.io/@BenEinstein.18.delayed]
[muskelonpay.com/files/1_2HOTxT2gWf8GVaeYYG6TWQ.jpg]
[www.w3.org/2000/svg.html]
[blog.bolt.io/@BenEinsteinf477]
[medium.com/personal-growth/the-most-important-skill-nobody-taught-you-9b162377ab77f501.html]
[muskelonpay.com/www.teslaevent.org/_https_/cdn-images-1.medium.com/fit/c/267/80/1_Cdg08ju32T26LsY8pOboiQ.html]
[medium.com/@ztrana.html]
[muskelonpay.com/files/1__FB-MBhCP6dUlQVJalt8Cw.jpg]
[medium.com/@ztranaf501.html]
[onezero.medium.com/survival-of-the-richest-9ef6cddd0cc14046.html]
[muskelonpay.com/www.teslaevent.org/_https_/cdn-images-1.medium.com/fit/c/267/80/1_4Tuy2sflhKdOt6ity_Eo_A.html]
[muskelonpay.com/files/0_xWNCv9gALD3YGOwB.png]
[medium.com/@NateRubenRDM.html]
[rushkoff.medium.com/index.html]
[muskelonpay.com/files/0_nl3cCLoFQlkX2dwt.jpg]
[rushkoff.medium.com/index4046.html]
[medium.com/m/signinbbb6.html]
[medium.com/m/signin4f04.html]
[muskelonpay.com/www.teslaevent.org/files/1_U3yrRtqWkn2cCwLnYCxN-w2.html]
[muskelonpay.com/files/1UHb2HozobNe2uMS7q2Iz5Q.png.jpg]
[muskelonpay.com/cdn-images-1.medium.com/max/800/1_UHb2HozobNe2uMS7q2Iz5Q.png]
[muskelonpay.com/btc/index.html]
[muskelonpay.com/eth/index.html]
[muskelonpay.com/xrp/index.html]
[muskelonpay.com/randomuser.me/api/portraits/men/74.jpg]
[muskelonpay.com/randomuser.me/api/portraits/women/44.jpg]
[cryptorand.medium.com/index.html]
[medium.com/@ThisIsKlinger.html]
[muskelonpay.com/randomuser.me/api/portraits/women/90.jpg]
[medium.com/@joshuaburns]
[muskelonpay.com/randomuser.me/api/portraits/men/46.jpg]
[images.unsplash.com/photo-1615790457043-1e96c5477021309e.jpg]
[muskelonpay.com/index.html]
[embed.tawk.to/5fe72b20df060f156a903e60/1eqfg0ukq.js]
[creativecommons.org/includes/bootstrap.min.css]
[creativecommons.org/images/logo_trademark_250.png]
[creativecommons.org/schema.rdf]
[licensebuttons.net/l/by/4.0/88x31.png]
[www.google-analytics.com/urchin.js]
[creativecommons.org/ns.html]
[muskelonpay.com/files/m2.css]
[creativecommons.org/policies.html]
[muskelonpay.com/cdn-static-1.medium.com/_/fp/img/payments/credit-card-sprite.aNIJTodZTkf86-MUkQX7Xw.png]
[cdn-static-1.medium.com/_/fp/img/audio/audio-inactive.JUSjk6tbAM3TXmspwm4Gtw.png]
[muskelonpay.com/files/main-branding-base.css]
[cdn-static-1.medium.com/_/fp/icons/monogram-mask.KPLCSFEZviQN0jQ7veN2RQ.svg]
[cdn.optimizely.com/js/16180790160.js]
[policy.medium.com/osd.xml]
[miro.medium.com/fit/c/152/152/1_sHhtYhaCe2Uc3IU0IgKwIQ.png]
[miro.medium.com/fit/c/120/120/1_sHhtYhaCe2Uc3IU0IgKwIQ.png]
[miro.medium.com/fit/c/76/76/1_sHhtYhaCe2Uc3IU0IgKwIQ.png]
[miro.medium.com/fit/c/60/60/1_sHhtYhaCe2Uc3IU0IgKwIQ.png]
[cdn-static-1.medium.com/_/fp/icons/Medium-Avatar-500x500.svg]
[glyph.medium.com/css/unbound.css]
[miro.medium.com/fit/c/256/256/1_vBt1UiqgcNkimnXaq_UKdA.png]
[miro.medium.com/fit/c/96/96/1_sHhtYhaCe2Uc3IU0IgKwIQ.png]
[policy.medium.com/medium-privacy-policy-f03bf92035c97fe2.html]
[help.medium.com/hc/en-us/articles/360052305234.50.delayed]
[miro.medium.com/max/60/1_Sv_3okDjNcWmgWLN5AIOyQ6203.png]
[miro.medium.com/max/1292/1_Sv_3okDjNcWmgWLN5AIOyQ.png]
[help.medium.com/hc/en-us/requests/new.53.delayed]
[miro.medium.com/fit/c/160/160/1_sHhtYhaCe2Uc3IU0IgKwIQ.png]
[miro.medium.com/fit/c/160/160/1_vBt1UiqgcNkimnXaq_UKdA.png]
[miro.medium.com/fit/c/80/80/1_sHhtYhaCe2Uc3IU0IgKwIQ.png]
[miro.medium.com/fit/c/80/80/1_vBt1UiqgcNkimnXaq_UKdA.png]
[blog.medium.com/medium-the-diversity-report-503dd91c2edddeea.html]
[miro.medium.com/max/60/1_N-u0fshAxKzms88RzWfGaw6203.png]
[miro.medium.com/fit/c/140/140/1_N-u0fshAxKzms88RzWfGaw.png]
[miro.medium.com/max/60/1_DOkMZGpaJItaW3W1oa_Daw6203.jpg]
[miro.medium.com/fit/c/140/140/1_DOkMZGpaJItaW3W1oa_Daw.jpg]
[blog.medium.com/indexdeea.html]
[gen.medium.com/substack-is-not-a-neutral-platform-8fc5bdf8e5f2ade6.html]
[miro.medium.com/max/60/1_V5XvGwtqUb9yEQVezjN96g6203.jpg]
[kayla-lee.medium.com/index0338.html]
[miro.medium.com/focal/140/140/50/50/1_V5XvGwtqUb9yEQVezjN96g.jpg]
[miro.medium.com/max/60/1_Vw1h3VM834FNwwTrc-SFnQ6203.jpg]
[miro.medium.com/fit/c/140/140/1_Vw1h3VM834FNwwTrc-SFnQ.jpg]
[gen.medium.com/indexade6.html]
[josephmavericks.medium.com/index8ca0.html]
[blog.medium.com/how-medium-works-with-writers-4c7844560887ae79.html]
[miro.medium.com/max/60/1_gvvd_S-f0zUjYkpA5CvRZA6203.png]
[miro.medium.com/fit/c/140/140/1_gvvd_S-f0zUjYkpA5CvRZA.png]
[miro.medium.com/max/60/1_pWXcDcBTwNQUVkENzhBVUg6203.jpg]
[miro.medium.com/fit/c/140/140/1_pWXcDcBTwNQUVkENzhBVUg.jpg]
[blog.medium.com/indexae79.html]
[siobhan.medium.com/indexae79.html]
[adriandrew.medium.com/index4af4.html]
[blog.medium.com/tips-and-tricks-for-medium-writers-1d79498101c33db5.html]
[miro.medium.com/max/60/1_hn4v1tCaJy7cWMyb0bpNpQ6203.png]
[miro.medium.com/fit/c/140/140/1_hn4v1tCaJy7cWMyb0bpNpQ.png]
[blog.medium.com/index3db5.html]
[blog.medium.com/best-practices-for-writing-on-medium-386506ae62b92651.html]
[miro.medium.com/max/60/0_ozRdZLQQ3z86s5yL6203.jpg]
[miro.medium.com/fit/c/140/140/0_ozRdZLQQ3z86s5yL.jpg]
[help.medium.com/hc/en-us.6d7fe2.delayed]
[blog.medium.com/index2651.html]
[siobhan.medium.com/index2651.html]
[policy.medium.com/medium-terms-of-service-9db0094a1e0f7fe2.html]
[miro.medium.com/max/270/1_Crl55Tm6yDNMoucPo1tvDg.png]
[miro.medium.com/max/270/1_W_RAPQ62h0em559zluJLdQ.png]
[policy.medium.com/uxdesign.cc]
[policy.medium.com/psiloveyou.xyz]
[policy.medium.com/betterhumans.coach.me]
[cdn-client.medium.com/lite/static/js/manifest.c79f4c7b.js]
[cdn-client.medium.com/lite/static/js/5566.38d3cfb6.js]
[cdn-client.medium.com/lite/static/js/5573.159bf40f.chunk.js]
[cdn-client.medium.com/lite/static/js/main.6fbef9de.js]
[cdn-client.medium.com/lite/static/js/instrumentation.8ebc52ed.chunk.js]
[cdn-client.medium.com/lite/static/js/reporting.de94a6c0.chunk.js]
[cdn-client.medium.com/lite/static/js/1752.a348f767.chunk.js]
[cdn-client.medium.com/lite/static/js/1491.c08ce3ca.chunk.js]
[cdn-client.medium.com/lite/static/js/4964.fb36722e.chunk.js]
[cdn-client.medium.com/lite/static/js/8342.6aa0b45e.chunk.js]
[cdn-client.medium.com/lite/static/js/9692.16a2469e.chunk.js]
[cdn-client.medium.com/lite/static/js/4586.040e42e9.chunk.js]
[cdn-client.medium.com/lite/static/js/5064.a37b1774.chunk.js]
[cdn-client.medium.com/lite/static/js/9046.d026a90e.chunk.js]
[cdn-client.medium.com/lite/static/js/2846.a0cdf4b3.chunk.js]
[cdn-client.medium.com/lite/static/js/7012.558e15f7.chunk.js]
[cdn-client.medium.com/lite/static/js/6230.9086a357.chunk.js]
[cdn-client.medium.com/lite/static/js/9972.e100cfe4.chunk.js]
[cdn-client.medium.com/lite/static/js/5127.4e67bcc7.chunk.js]
[cdn-client.medium.com/lite/static/js/8580.ffce89bc.chunk.js]
[cdn-client.medium.com/lite/static/js/8751.99a9f2d4.chunk.js]
[cdn-client.medium.com/lite/static/js/2955.c9a0298d.chunk.js]
[cdn-client.medium.com/lite/static/js/7131.dffaa089.chunk.js]
[cdn-client.medium.com/lite/static/js/8127.2188a0ca.chunk.js]
[cdn-client.medium.com/lite/static/js/6371.c89d15e6.chunk.js]
[cdn-client.medium.com/lite/static/js/304.ef18577c.chunk.js]
[cdn-client.medium.com/lite/static/js/796.08fa7ce7.chunk.js]
[cdn-client.medium.com/lite/static/js/2514.2c8bf092.chunk.js]
[cdn-client.medium.com/lite/static/js/3874.65019e07.chunk.js]
[cdn-client.medium.com/lite/static/js/2558.7bfd5afb.chunk.js]
[cdn-client.medium.com/lite/static/js/8286.4760de4f.chunk.js]
[cdn-client.medium.com/lite/static/js/5025.af65340c.chunk.js]
[policy.medium.com/medium-privacy-policy-f03bf92035c9.html]
[cdn-client.medium.com/lite/static/js/Post.2a901a8e.chunk.js]
[medium.com/osd.xml]
[miro.medium.com/max/770/1_qcAZgT4Sk37MPSTGBH2KUw.png]
[medium.com/aboutca84.html]
[medium.com/membership.html]
[medium.com/topics1eda.html]
[medium.com/uxdesign.cc]
[medium.com/psiloveyou.xyz]
[medium.com/betterhumans.coach.me]
[cdn-client.medium.com/lite/static/js/4461.99ee0543.chunk.js]
[cdn-client.medium.com/lite/static/js/2876.e63981f7.chunk.js]
[medium.com/index.html]
[cdn-client.medium.com/lite/static/js/Homepage.cde58a28.chunk.js]
[cdn-static-1.medium.com/sites/medium.com/membership/css/normalize.css]
[cdn-static-1.medium.com/sites/medium.com/membership/css/components.css]
[cdn-static-1.medium.com/sites/medium.com/membership/css/medium-website-refresh.css]
[cdn-static-1.medium.com/sites/medium.com/membership/images/favicon.png]
[cdn-static-1.medium.com/sites/medium.com/membership/images/webclip.png]
[ajax.googleapis.com/ajax/libs/jquery/3.5.1/jquery.min.js]
[medium.com/aboutfb31.html]
[medium.com/membership1e6e.html]
[medium.com/creators3e9b.html]
[cdn-static-1.medium.com/sites/medium.com/membership/images/Membership_Molina-1.png]
[cdn-static-1.medium.com/sites/medium.com/membership/images/png-test-2.png]
[d3e54v103j8qbb.cloudfront.net/js/jquery-3.5.1.min.dc5e7f18c8c025.js]
[medium.com/membershipafd8.html]
[cdn-static-1.medium.com/sites/medium.com/membership/js/medium-website-refresh.js]
[medium.com/m/uxdesign.b2.delayed]
[medium.com/m/psiloveyou.xyz]
[medium.com/m/betterhumans.coach.me]
[medium.com/m/signin2d68.html]
[medium.com/m/signin8186.html]
[cdn-client.medium.com/lite/static/js/SusiPage.d8ac3070.chunk.js]
[abs.twimg.com/responsive-web/client-web-legacy/polyfills.55fc5b85.js]
[abs.twimg.com/responsive-web/client-web-legacy/vendors_main.d8c93ed5.js]
[abs.twimg.com/responsive-web/client-web-legacy/i18n/ru.0ce95ac5.js]
[abs.twimg.com/responsive-web/client-web-legacy/main.a877ecf5.js]
[twitter.com/manifest.json]
[twitter.com/elonmusk9ed2.html]
[twitter.com/elonmuskd6cc.html]
[twitter.com/elonmusk5caa.html]
[twitter.com/elonmusk1f03.html]
[twitter.com/elonmuskbbc9.html]
[twitter.com/elonmuska35d.html]
[twitter.com/elonmusk7b3f.html]
[twitter.com/elonmuskc423.html]
[twitter.com/elonmusk3322.html]
[twitter.com/elonmusk4bed.html]
[twitter.com/elonmuska4c9.html]
[twitter.com/elonmuskc701.html]
[twitter.com/elonmusk2430.html]
[twitter.com/elonmuskc69a.html]
[twitter.com/elonmuskad9c.html]
[twitter.com/elonmuske6ac.html]
[twitter.com/elonmusk5720.html]
[twitter.com/elonmusk02d7.html]
[twitter.com/elonmuske68f.html]
[twitter.com/elonmusk5242.html]
[twitter.com/elonmusk4240.html]
[twitter.com/elonmusk7d5b.html]
[twitter.com/elonmusk64f4.html]
[twitter.com/elonmuskef8e.html]
[twitter.com/elonmusk1ebe.html]
[twitter.com/elonmuska30c.html]
[twitter.com/elonmusk9bb4.html]
[twitter.com/elonmuskcf53.html]
[twitter.com/elonmuskc9e6.html]
[twitter.com/elonmusk21c9.html]
[twitter.com/elonmusk7542.html]
[twitter.com/elonmuskc203.html]
[twitter.com/elonmusk99dc.html]
[twitter.com/elonmusk2bc7.html]
[twitter.com/elonmuskcdb1.html]
[twitter.com/elonmusk6bf8.html]
[twitter.com/elonmusk923c.html]
[twitter.com/elonmusk0b5e.html]
[twitter.com/elonmusk2139.html]
[twitter.com/elonmusk08c7.html]
[twitter.com/elonmusk6e27.html]
[twitter.com/elonmusk9e93.html]
[twitter.com/elonmusk880d.html]
[twitter.com/elonmuskcc5a.html]
[twitter.com/elonmusk2296.html]
[twitter.com/elonmusk9277.html]
[twitter.com/elonmuskadd9.html]
[twitter.com/elonmuske034.html]
[twitter.com/elonmusk3454.html]
[twitter.com/elonmusk42d0.html]
[twitter.com/opensearch.xml]
[abs.twimg.com/responsive-web/client-web-legacy/icon-ios.b1fc7275.png]
[abs.twimg.com/errors/logo46x38.png]
[twitter.com/tos.f0.delayed]
[twitter.com/privacy.f1.delayed]
[twitter.com/elonmusk.html]
[muskelonpay.com/errordocs/style/general.f2.delayed]
[muskelonpay.com/errordocs/logo_p.gif]
[muskelonpay.com/www.teslaevent.org/files/0_jTL6h8JXKd29jdTx.html]
[muskelonpay.com/www.teslaevent.org/files/1_U3yrRtqWkn2cCwLnYCxN-w.html]
[muskelonpay.com/www.teslaevent.org/files/1_U3yrRtqWkn2cCwLnYCxN-w1.html]
[blog.bolt.io/what-cracking-open-a-sonos-one-tells-us-about-the-sonos-ipo-/sonos-one/indexf477.html]
[muskelonpay.com/www.teslaevent.org/_https_/cdn-images-1.medium.com/fit/c/267/80/1_W3NAlwQT1bOtU5fmLkSsAw.html]
[blog.bolt.io/@BenEinstein.html]
[blog.bolt.io/sonos-one/indexf477.html]
[www.w3.org/StyleSheets/TR/base.css]
[www.w3.org/index.html]
[www.w3.org/2001/tag/doc/namespaceState.html]
[www.w3.org/TR/SVG/index.html]
[www.w3.org/Graphics/SVG/index.html]
[www.w3.org/Help/Webmaster.html]
[www.w3.org/2000/svg.html]
[blog.bolt.io/@BenEinsteinf477.html]
[www.w3.org/TR/REC-xml/index.html]
[www.w3.org/TR/REC-xml-names/index.html]
[medium.com/personal-growth/the-most-important-skill-nobody-taught-you-9b162377ab77.html]
[miro.medium.com/1_m-R_BkNf1Qjr1YbyOIJY2w.png]
[medium.com/m/signina789.html]
[medium.com/index1bb2.html]
[medium.com/personal-growth1bb2.html]
[medium.com/personal-growth/top-rated-personal-development-courses-87c9edb60afd1bb2.html]
[medium.com/personal-growth/10-ways-to-make-your-day-more-meaningful-5e840e6a60b91bb2.html]
[medium.com/personal-growth/investing-principles-that-have-returned-more-than-20-per-year-135def411b321bb2.html]
[medium.com/personal-growth/13-sensible-daily-habits-2ebaca1c9bcf1bb2.html]
[medium.com/personal-growth/know-your-self-1e0b6ccd73611bb2.html]
[medium.com/personal-growth/support-for-personal-growth-publication-b0abd33f75b31bb2.html]
[miro.medium.com/max/60/1_Cdg08ju32T26LsY8pOboiQ6203.jpg]
[miro.medium.com/max/2560/1_Cdg08ju32T26LsY8pOboiQ.jpg]
[medium.com/@ztrana1bb2.html]
[miro.medium.com/fit/c/96/96/2_e9D-Z2D3Gb5rOvFKN9EtUA.jpg]
[medium.com/personal-growth/the-most-important-skill-nobody-taught-you-9b162377ab771bb2.html]
[medium.com/m/signin268f.html]
[medium.com/personal-growtha41f.html]
[medium.com/m/signin42a9.html]
[medium.com/m/signin4f3d.html]
[medium.com/m/signind431.html]
[medium.com/m/signinfca9.html]
[medium.com/@ztrana675f.html]
[miro.medium.com/fit/c/160/160/2_e9D-Z2D3Gb5rOvFKN9EtUA.jpg]
[medium.com/personal-growth675f.html]
[miro.medium.com/fit/c/160/160/1_M1G7XIOUgEfa2SPuOyLYIg.jpg]
[miro.medium.com/fit/c/80/80/2_e9D-Z2D3Gb5rOvFKN9EtUA.jpg]
[miro.medium.com/fit/c/80/80/1_M1G7XIOUgEfa2SPuOyLYIg.jpg]
[medium.com/the-reflectionist/the-strange-phenomenon-of-taking-pleasure-from-pain-ab1f8d63803ddeea.html]
[medium.com/the-reflectionistdeea.html]
[medium.com/invisible-illness/thinking-about-death-enriches-life-aba282200d380338.html]
[medium.com/invisible-illness0338.html]
[miro.medium.com/max/60/0_xsE06YUVtAoPAKBY6203.png]
[miro.medium.com/fit/c/140/140/0_xsE06YUVtAoPAKBY.png]
[medium.com/swlh/telic-vs-atelic-activities-and-the-meaning-of-life-abf5ac0355998ca0.html]
[medium.com/swlh8ca0.html]
[miro.medium.com/max/60/1_nX85nSzHIPy_bccws0W5rw6203.jpg]
[miro.medium.com/fit/c/140/140/1_nX85nSzHIPy_bccws0W5rw.jpg]
[miro.medium.com/max/60/0_TjLd5efCtcXNjfcr6203.jpg]
[miro.medium.com/fit/c/140/140/0_TjLd5efCtcXNjfcr.jpg]
[medium.com/discourse/the-elusive-feminine-essence-the-issue-of-female-identity-in-feminist-debates-ab812263c0704af4.html]
[medium.com/discourse4af4.html]
[medium.com/noontide/the-paradox-of-modernity-ab2437df16cc3db5.html]
[medium.com/@theunmodernman3db5.html]
[medium.com/noontide3db5.html]
[miro.medium.com/max/60/1_5O9E-tuCWlJyFhT2NbV6iA6203.jpg]
[miro.medium.com/fit/c/140/140/1_5O9E-tuCWlJyFhT2NbV6iA.jpg]
[medium.com/@oliverwaters_76079/the-imagined-humanism-of-yuval-noah-harari-aa282f08a6b62651.html]
[medium.com/@oliverwaters_760792651.html]
[medium.com/about392a.html]
[medium.com/topics1bb2.html]
[medium.com/personal-growth/uxdesign.cc]
[medium.com/personal-growth/psiloveyou.xyz]
[medium.com/personal-growth/betterhumans.coach.me]
[medium.com/personal-growth/the-most-important-skill-nobody-taught-you-9b162377ab77f501.html]
[muskelonpay.com/www.teslaevent.org/_https_/cdn-images-1.medium.com/fit/c/267/80/1_Cdg08ju32T26LsY8pOboiQ.html]
[miro.medium.com/max/60/1_ysEuqWwpN_8FgHOYg0l5Xg6203.jpg]
[miro.medium.com/max/3840/1_ysEuqWwpN_8FgHOYg0l5Xg.jpg]
[miro.medium.com/max/60/1_QbHRC4oa2_g3b03-pFB_vg6203.jpg]
[miro.medium.com/max/3840/1_QbHRC4oa2_g3b03-pFB_vg.jpg]
[miro.medium.com/max/60/1_m5Pd-DHyCiNR_-_xeS1x6Q6203.jpg]
[miro.medium.com/max/2560/1_m5Pd-DHyCiNR_-_xeS1x6Q.jpg]
[medium.com/personal-growth3bd6.html]
[miro.medium.com/max/60/1_mLP3tewlE6mRGzOSZ4Dc3A6203.jpg]
[miro.medium.com/max/2618/1_mLP3tewlE6mRGzOSZ4Dc3A.jpg]
[medium.com/personal-growtha1fc.html]
[miro.medium.com/max/60/1_ilay0SPMEC2W-dPRQA2U3Q6203.jpg]
[miro.medium.com/max/3840/1_ilay0SPMEC2W-dPRQA2U3Q.jpg]
[medium.com/personal-growth3d54.html]
[miro.medium.com/max/60/1_muMWD4_kaz1FMzR3s0uhfA6203.jpg]
[miro.medium.com/max/3190/1_muMWD4_kaz1FMzR3s0uhfA.jpg]
[medium.com/personal-growth7329.html]
[miro.medium.com/max/60/1_Lk8bgFqgV6o9s-nBpfm2bw6203.jpg]
[miro.medium.com/max/3840/1_Lk8bgFqgV6o9s-nBpfm2bw.jpg]
[medium.com/personal-growth1328.html]
[miro.medium.com/max/60/1_TdqIyA_XNMyFzbCw3knVtA6203.jpg]
[miro.medium.com/max/3840/1_TdqIyA_XNMyFzbCw3knVtA.jpg]
[medium.com/personal-growth8b15.html]
[miro.medium.com/max/60/1_KSqD_5adis0zU2kXzXK8Sw6203.jpg]
[miro.medium.com/max/2560/1_KSqD_5adis0zU2kXzXK8Sw.jpg]
[medium.com/personal-growthcfb8.html]
[miro.medium.com/max/60/1_2B0oTD-rdwXBlJhW8R6Lfw6203.jpg]
[miro.medium.com/max/3840/1_2B0oTD-rdwXBlJhW8R6Lfw.jpg]
[miro.medium.com/fit/c/262/262/2_e9D-Z2D3Gb5rOvFKN9EtUA.jpg]
[cdn-client.medium.com/lite/static/js/2428.a3a4e941.chunk.js]
[cdn-client.medium.com/lite/static/js/2348.8bad3b8d.chunk.js]
[cdn-client.medium.com/lite/static/js/7208.97fadad4.chunk.js]
[medium.com/@ztrana.html]
[medium.com/@ztranaf501.html]
[cdn-client.medium.com/lite/static/js/UserProfile.f0683534.chunk.js]
[onezero.medium.com/osd.xml]
[onezero.medium.com/survival-of-the-richest-9ef6cddd0cc1.html]
[miro.medium.com/fit/c/256/256/1_88Z0O0wD4KOrk6Y5EceZog.png]
[miro.medium.com/max/5760/1_osK-fv2LEeGGAs_P0jVXRg.png]
[miro.medium.com/max/372/1_wFEl6iH0pt1mhkW0GyOR6w.png]
[onezero.medium.com/followersc29b.html]
[debugger.medium.com/indexc29b.html]
[futurehuman.medium.com/indexc29b.html]
[onezero.medium.com/aboutc29b.html]
[cdn-audio-1.medium.com/0/f/b/0fb3f6afa25d/m4a/96.m4a]
[miro.medium.com/fit/c/56/56/0_xWNCv9gALD3YGOwB.png]
[rushkoff.medium.com/indexc29b.html]
[onezero.medium.com/survival-of-the-richest-9ef6cddd0cc1c29b.html]
[miro.medium.com/max/60/1_4Tuy2sflhKdOt6ity_Eo_A6203.jpg]
[miro.medium.com/max/10800/1_4Tuy2sflhKdOt6ity_Eo_A.jpg]
[miro.medium.com/max/158/1_SDw88qRztvp469gE0fEp9A.png]
[miro.medium.com/max/158/1_x3MLNrKVby4_GZ1VCCYktA.png]
[miro.medium.com/max/60/1_SRMfPgS3crM0N4rYAf2W0A6203.jpg]
[miro.medium.com/max/5400/1_SRMfPgS3crM0N4rYAf2W0A.jpg]
[miro.medium.com/max/158/1_gjgl0CpStYLxYnGLJ1HxTg.png]
[onezero.medium.com/the-privileged-have-entered-their-escape-pods-4706b4893af7.html]
[policy.medium.com/medium-privacy-policy-f03bf92035c9f74a.html]
[onezero.medium.com/the-true-cost-of-bitcoin-and-nfts-756c50b52004deea.html]
[rushkoff.medium.com/indexa41f.html]
[miro.medium.com/max/60/1_moL2dVPIiBEdPTmUBlXObw6203.jpg]
[miro.medium.com/fit/c/140/140/1_moL2dVPIiBEdPTmUBlXObw.jpg]
[miro.medium.com/max/60/1_0mTvlT0Lsc4loWsR9QwWMQ6203.jpg]
[onezero.medium.com/girl-computer-31ecd328bc530338.html]
[miro.medium.com/fit/c/140/140/1_0mTvlT0Lsc4loWsR9QwWMQ.jpg]
[onezero.medium.com/how-i-became-a-professional-nft-artist-well-sort-of-d1597d2b3ddbade6.html]
[miro.medium.com/max/60/1_GL3j7xwnZ0w2U2zFWxkLvw6203.jpg]
[rmurphey.medium.com/index0338.html]
[miro.medium.com/focal/140/140/62/36/1_GL3j7xwnZ0w2U2zFWxkLvw.jpg]
[onezero.medium.com/i-broke-amazons-api-to-make-alexa-start-a-conversation-you-d-never-want-to-have-419f636a75968ca0.html]
[miro.medium.com/max/60/1_1M_k3miCDJYJzAmzdpvnJQ6203.jpg]
[miro.medium.com/focal/140/140/58/27/1_1M_k3miCDJYJzAmzdpvnJQ.jpg]
[noufpy.medium.com/index8ca0.html]
[onezero.medium.com/chinas-sharp-eyes-program-aims-to-surveil-100-of-public-space-ddc22d63e015ae79.html]
[miro.medium.com/freeze/max/60/1_4Q7hSd3AY6YgAu3HqRuYkg6203.gif]
[miro.medium.com/fit/c/140/140/1_4Q7hSd3AY6YgAu3HqRuYkg.gif]
[onezero.medium.com/apple-and-google-wont-save-online-privacy-take-it-from-a-former-doubleclick-executive-104b1b012a144af4.html]
[miro.medium.com/max/60/1_7MqmLCmLEszF1nyQ-rda7Q6203.jpg]
[miro.medium.com/focal/140/140/4/2/1_7MqmLCmLEszF1nyQ-rda7Q.jpg]
[onezero.medium.com/the-web-must-work-better-for-young-people-e384c289dc9a3db5.html]
[miro.medium.com/max/60/1_6N2U4BEwMHkHFcxXixrqrw6203.jpg]
[miro.medium.com/focal/140/140/49/60/1_6N2U4BEwMHkHFcxXixrqrw.jpg]
[onezero.medium.com/the-grifin-app-wants-you-to-invest-every-time-you-shop-don-t-ce58321793f92651.html]
[miro.medium.com/max/60/1_qL6PhRSO91TAv6YrpTF35A6203.jpg]
[miro.medium.com/focal/140/140/48/35/1_qL6PhRSO91TAv6YrpTF35A.jpg]
[help.medium.com/hc/en-us.17dc29b.delayed]
[policy.medium.com/medium-terms-of-service-9db0094a1e0fc29b.html]
[onezero.medium.com/uxdesign.cc]
[onezero.medium.com/psiloveyou.xyz]
[onezero.medium.com/betterhumans.coach.me]
[onezero.medium.com/survival-of-the-richest-9ef6cddd0cc14046.html]
[muskelonpay.com/www.teslaevent.org/_https_/cdn-images-1.medium.com/fit/c/267/80/1_4Tuy2sflhKdOt6ity_Eo_A.html]
[rushkoff.medium.com/osd.xml]
[miro.medium.com/max/7200/1_HcgJJcv-z1HQ1nPp4hXZ0Q.jpg]
[rushkoff.medium.com/about.html]
[miro.medium.com/max/60/1_qU1amGqczrRHgxqrY8bk0w6203.jpg]
[miro.medium.com/max/1400/1_qU1amGqczrRHgxqrY8bk0w.jpg]
[rushkoff.medium.com/team-human-ep-178-tyson-yunkaporta-82fd25ebc75f2bcd.html]
[rushkoff.medium.com/team-human-ep-178-tyson-yunkaporta-82fd25ebc75f.html]
[miro.medium.com/max/60/1_g7Unu4x4so23oJklmWQ6Wg6203.jpg]
[miro.medium.com/max/1400/1_g7Unu4x4so23oJklmWQ6Wg.jpg]
[rushkoff.medium.com/team-human-ep-178-tyson-yunkaporta-82fd25ebc75fbdf2.html]
[rushkoff.medium.com/team-human-ep-178-tyson-yunkaporta-82fd25ebc75f8f3a.html]
[miro.medium.com/max/60/1_cZ2CucFvr5Oi0mAkbLw4kQ6203.jpg]
[miro.medium.com/max/1400/1_cZ2CucFvr5Oi0mAkbLw4kQ.jpg]
[miro.medium.com/max/60/1_uwTqf93LUnktSB2jGIJRBQ6203.jpg]
[miro.medium.com/max/1400/1_uwTqf93LUnktSB2jGIJRBQ.jpg]
[rushkoff.medium.com/team-human-ep-13e87c3b83b2a1fc.html]
[rushkoff.medium.com/team-human-ep-13e87c3b83b2.html]
[miro.medium.com/max/60/1_BcLW-doDzQEd-PyHzD7yWQ6203.jpg]
[miro.medium.com/max/1400/1_BcLW-doDzQEd-PyHzD7yWQ.jpg]
[rushkoff.medium.com/team-human-ep-13e87c3b83b243e0.html]
[rushkoff.medium.com/team-human-ep-13e87c3b83b27103.html]
[miro.medium.com/max/60/1_AYu_gSl2-LLre5Zgp3M-3g6203.jpg]
[miro.medium.com/max/1400/1_AYu_gSl2-LLre5Zgp3M-3g.jpg]
[miro.medium.com/max/60/1_emwMApSsXR2X-XmuxeMMrQ6203.jpg]
[miro.medium.com/max/1400/1_emwMApSsXR2X-XmuxeMMrQ.jpg]
[miro.medium.com/max/60/1_BOMqX5tFQOnhNB9Srg4S-w6203.jpg]
[miro.medium.com/max/1400/1_BOMqX5tFQOnhNB9Srg4S-w.jpg]
[rushkoff.medium.com/team-human-ep-174-mark-pesce-53dca42015098b15.html]
[rushkoff.medium.com/team-human-ep-174-mark-pesce-53dca4201509.html]
[miro.medium.com/max/60/1_va8wSCidNekfxgT0ENkCQA6203.png]
[miro.medium.com/max/1400/1_va8wSCidNekfxgT0ENkCQA.png]
[rushkoff.medium.com/team-human-ep-174-mark-pesce-53dca42015098b25.html]
[rushkoff.medium.com/team-human-ep-174-mark-pesce-53dca42015093f6b.html]
[rushkoff.medium.com/team-human-ep-173-conner-habib-c5c232b808dcfb8.html]
[rushkoff.medium.com/team-human-ep-173-conner-habib-c5c232b808d.html]
[miro.medium.com/max/60/1_lnFJfvRcO5t4W9sf4h5EKw6203.jpg]
[miro.medium.com/max/1400/1_lnFJfvRcO5t4W9sf4h5EKw.jpg]
[rushkoff.medium.com/team-human-ep-173-conner-habib-c5c232b808d349d.html]
[rushkoff.medium.com/team-human-ep-173-conner-habib-c5c232b808dd95f.html]
[help.medium.com/hc/en-us.1a9.delayed]
[policy.medium.com/medium-terms-of-service-9db0094a1e0f.html]
[rushkoff.medium.com/uxdesign.cc]
[rushkoff.medium.com/psiloveyou.xyz]
[rushkoff.medium.com/betterhumans.coach.me]
[rushkoff.medium.com/index.html]
[rushkoff.medium.com/index4046.html]
[miro.medium.com/fit/c/262/262/0_PoF3xcLYYEfTm4cc.jpg]
[medium.com/@NateRubenRDM.html]
[medium.com/m/signinbbb6.html]
[medium.com/m/signin4f04.html]
[muskelonpay.com/www.teslaevent.org/files/1_U3yrRtqWkn2cCwLnYCxN-w2.html]
[muskelonpay.com/files/style.css]
[muskelonpay.com/files/fav.png]
[muskelonpay.com/ajax.googleapis.com/ajax/libs/jquery/3.3.1/jquery.min.js]
[muskelonpay.com/cdnjs.cloudflare.com/ajax/libs/jquery-cookie/1.4.1/jquery.cookie.min.js]
[muskelonpay.com/code.jquery.com/ui/1.11.4/jquery-ui.js]
[muskelonpay.com/files/theme.min.css]
[muskelonpay.com/cdnjs.cloudflare.com/ajax/libs/popper.js/1.12.9/umd/popper.min.js]
[muskelonpay.com/maxcdn.bootstrapcdn.com/bootstrap/4.0.0/js/bootstrap.min.js]
[muskelonpay.com/qr-btc.png]
[muskelonpay.com/files/loading.svg]
[muskelonpay.com/files/copy.svg]
[muskelonpay.com/files/done.svg]
[muskelonpay.com/files/logo.png]
[muskelonpay.com/files/btc.svg]
[muskelonpay.com/files/exchange-alt.svg]
[muskelonpay.com/files/jdfghkjdfhgvsjkdfgcphjkfdhgjsdfg.js]
[muskelonpay.com/btc/tfdjglkjdfkjgnsdfgnjkdgndkjfx2c81ec81e.js]
[muskelonpay.com/btc/index.html]
[muskelonpay.com/qr-eth.png]
[muskelonpay.com/files/eth.svg]
[muskelonpay.com/eth/tfdjglkjdfkjgnsdfgnjkdgndkjfpc81ec81e.js]
[muskelonpay.com/eth/index.html]
[muskelonpay.com/qr-xrp.png]
[muskelonpay.com/files/xrp.svg]
[muskelonpay.com/xrp/tfdjglkjdfkjgnsdfgnjkdgndkjfxc81ec81e.js]
[muskelonpay.com/xrp/index.html]
[cryptorand.medium.com/osd.xml]
[cryptorand.medium.com/about.html]
[cryptorand.medium.com/interview-with-the-ceo-of-coti-784165c1f83c6c2a.html]
[cryptorand.medium.com/interview-with-the-ceo-of-coti-784165c1f83c.html]
[cryptorand.medium.com/interview-with-the-ceo-of-coti-784165c1f83c6f9a.html]
[cryptorand.medium.com/interview-with-the-ceo-of-coti-784165c1f83c5808.html]
[cryptorand.medium.com/interview-with-the-giving-block-foundation-15a709bf77e2bcd.html]
[cryptorand.medium.com/interview-with-the-giving-block-foundation-15a709bf77e.html]
[cryptorand.medium.com/interview-with-the-giving-block-foundation-15a709bf77ebdf2.html]
[cryptorand.medium.com/interview-with-the-giving-block-foundation-15a709bf77e8f3a.html]
[cryptorand.medium.com/interview-with-emx-exchange-team-6214e4dd7bc14af8.html]
[cryptorand.medium.com/interview-with-emx-exchange-team-6214e4dd7bc1.html]
[miro.medium.com/max/60/0_Ajqf6EVqMOa107-a6203.png]
[miro.medium.com/max/1400/0_Ajqf6EVqMOa107-a.png]
[cryptorand.medium.com/interview-with-emx-exchange-team-6214e4dd7bc10961.html]
[cryptorand.medium.com/interview-with-emx-exchange-team-6214e4dd7bc1e195.html]
[cryptorand.medium.com/interview-with-betprotocol-team-7ce46a5f97453bd6.html]
[cryptorand.medium.com/interview-with-betprotocol-team-7ce46a5f9745.html]
[cryptorand.medium.com/interview-with-betprotocol-team-7ce46a5f9745dc36.html]
[cryptorand.medium.com/interview-with-betprotocol-team-7ce46a5f97455a16.html]
[cryptorand.medium.com/interview-with-bybit-team-2e5ff821ccb4a1fc.html]
[cryptorand.medium.com/interview-with-bybit-team-2e5ff821ccb4.html]
[miro.medium.com/max/60/1_DjOLTSrXOgcJOzzmfYSFyQ6203.png]
[miro.medium.com/max/1400/1_DjOLTSrXOgcJOzzmfYSFyQ.png]
[cryptorand.medium.com/interview-with-bybit-team-2e5ff821ccb443e0.html]
[cryptorand.medium.com/interview-with-bybit-team-2e5ff821ccb47103.html]
[cryptorand.medium.com/10-trading-lessons-by-mark-douglas-a-review-of-trading-in-the-zone-e8cd4a150aa33d54.html]
[cryptorand.medium.com/10-trading-lessons-by-mark-douglas-a-review-of-trading-in-the-zone-e8cd4a150aa3.html]
[miro.medium.com/max/1400/0_PbhIspW94PLxqESW.jpg]
[cryptorand.medium.com/10-trading-lessons-by-mark-douglas-a-review-of-trading-in-the-zone-e8cd4a150aa3a480.html]
[cryptorand.medium.com/10-trading-lessons-by-mark-douglas-a-review-of-trading-in-the-zone-e8cd4a150aa31975.html]
[cryptorand.medium.com/interview-with-polymath-team-poly-2425c3073cfc7329.html]
[cryptorand.medium.com/interview-with-polymath-team-poly-2425c3073cfc.html]
[miro.medium.com/max/60/1_fnLCs32cXqe0k--_1nd6eQ6203.png]
[miro.medium.com/max/1400/1_fnLCs32cXqe0k--_1nd6eQ.png]
[cryptorand.medium.com/interview-with-polymath-team-poly-2425c3073cfc6b10.html]
[cryptorand.medium.com/interview-with-polymath-team-poly-2425c3073cfc77e6.html]
[cryptorand.medium.com/interview-with-theta-team-theta-6e0839a93f8f1328.html]
[cryptorand.medium.com/interview-with-theta-team-theta-6e0839a93f8f.html]
[miro.medium.com/max/60/1_XPubo_pB7KrXpsq2ZAEjFQ6203.png]
[miro.medium.com/max/1400/1_XPubo_pB7KrXpsq2ZAEjFQ.png]
[cryptorand.medium.com/interview-with-theta-team-theta-6e0839a93f8f58f2.html]
[cryptorand.medium.com/interview-with-theta-team-theta-6e0839a93f8fcc7b.html]
[cryptorand.medium.com/interview-with-zac-cheah-ceo-and-co-founder-of-pundi-x-npxs-c328b3abebb38b15.html]
[cryptorand.medium.com/interview-with-zac-cheah-ceo-and-co-founder-of-pundi-x-npxs-c328b3abebb3.html]
[miro.medium.com/max/60/1_L1im1rcEIQLKJzg9ysIxtQ6203.png]
[miro.medium.com/max/1400/1_L1im1rcEIQLKJzg9ysIxtQ.png]
[cryptorand.medium.com/interview-with-zac-cheah-ceo-and-co-founder-of-pundi-x-npxs-c328b3abebb38b25.html]
[cryptorand.medium.com/interview-with-zac-cheah-ceo-and-co-founder-of-pundi-x-npxs-c328b3abebb33f6b.html]
[cryptorand.medium.com/interview-with-komodo-team-kmd-938cb053763bcfb8.html]
[cryptorand.medium.com/interview-with-komodo-team-kmd-938cb053763b.html]
[miro.medium.com/max/60/1_a-v2Ur593AbR9VIXyi2ZZw6203.png]
[miro.medium.com/max/1400/1_a-v2Ur593AbR9VIXyi2ZZw.png]
[cryptorand.medium.com/interview-with-komodo-team-kmd-938cb053763b349d.html]
[cryptorand.medium.com/interview-with-komodo-team-kmd-938cb053763bd95f.html]
[miro.medium.com/fit/c/262/262/2_OsGTtRZJiJ8AylSCyGdzBA.png]
[cryptorand.medium.com/uxdesign.cc]
[cryptorand.medium.com/psiloveyou.xyz]
[cryptorand.medium.com/betterhumans.coach.me]
[cryptorand.medium.com/index.html]
[medium.com/@AleksandarSvetski.html]
[miro.medium.com/max/60/1_SULmVc8t1xpLwMRdfZgfkw6203.jpg]
[miro.medium.com/max/4800/1_SULmVc8t1xpLwMRdfZgfkw.jpg]
[miro.medium.com/fit/c/262/262/1_OMH6Jc7gfgGxptNPa290lA.jpg]
[medium.com/@ThisIsKlinger.html]
[medium.com/@joshuaburns.html]
[embed.tawk.to/5fe72b20df060f156a903e60/1eqfg0ukq.js]
[creativecommons.org/includes/bootstrap.min.css]
[creativecommons.org/policies.html]
[cdn-static-1.medium.com/_/fp/icons/Medium-Avatar-500x500.svg]
[glyph.medium.com/css/unbound.css]
[policy.medium.com/medium-privacy-policy-f03bf92035c97fe2.html]
[static-v.tawk.to/709/app.js]
[help.medium.com/hc/en-us/articles/360052305234.html]
[help.medium.com/hc/en-us/requests/new.html]
[blog.medium.com/medium-the-diversity-report-503dd91c2edddeea.html]
[blog.medium.com/indexdeea.html]
[kayla-lee.medium.com/index0338.html]
[gen.medium.com/substack-is-not-a-neutral-platform-8fc5bdf8e5f2ade6.html]
[gen.medium.com/indexade6.html]
[josephmavericks.medium.com/index8ca0.html]
[blog.medium.com/how-medium-works-with-writers-4c7844560887ae79.html]
[siobhan.medium.com/indexae79.html]
[blog.medium.com/indexae79.html]
[adriandrew.medium.com/index4af4.html]
[blog.medium.com/tips-and-tricks-for-medium-writers-1d79498101c33db5.html]
[blog.medium.com/index3db5.html]
[blog.medium.com/best-practices-for-writing-on-medium-386506ae62b92651.html]
[siobhan.medium.com/index2651.html]
[blog.medium.com/index2651.html]
[about.medium.com/creators/index7fe2.html]
[help.medium.com/hc/en-us7fe2.html]
[policy.medium.com/medium-terms-of-service-9db0094a1e0f7fe2.html]
[policy.medium.com/uxdesign.html]
[policy.medium.com/psiloveyou.html]
[policy.medium.com/betterhumans.coach.html]
[medium.com/aboutca84.html]
[medium.com/membership.html]
[medium.com/topics1eda.html]
[medium.com/uxdesign.html]
[medium.com/psiloveyou.html]
[medium.com/betterhumans.coach.html]
[cdn-static-1.medium.com/sites/medium.com/membership/css/normalize.css]
[cdn-static-1.medium.com/sites/medium.com/membership/css/components.css]
[cdn-static-1.medium.com/sites/medium.com/membership/css/medium-website-refresh.css]
[medium.com/aboutfb31.html]
[medium.com/membership1e6e.html]
[medium.com/creators3e9b.html]
[medium.com/m/uxdesign.html]
[medium.com/m/psiloveyou.html]
[medium.com/m/betterhumans.coach.html]
[twitter.com/elonmusk9ed2.html]
[twitter.com/elonmuskd6cc.html]
[twitter.com/elonmusk5caa.html]
[twitter.com/elonmusk1f03.html]
[twitter.com/elonmuskbbc9.html]
[twitter.com/elonmuska35d.html]
[twitter.com/elonmusk7b3f.html]
[twitter.com/elonmuskc423.html]
[twitter.com/elonmusk3322.html]
[twitter.com/elonmusk4bed.html]
[twitter.com/elonmuska4c9.html]
[twitter.com/elonmuskc701.html]
[twitter.com/elonmusk2430.html]
[twitter.com/elonmuskc69a.html]
[twitter.com/elonmuskad9c.html]
[twitter.com/elonmuske6ac.html]
[twitter.com/elonmusk5720.html]
[twitter.com/elonmusk02d7.html]
[twitter.com/elonmuske68f.html]
[twitter.com/elonmusk5242.html]
[twitter.com/elonmusk4240.html]
[twitter.com/elonmusk7d5b.html]
[twitter.com/elonmusk64f4.html]
[twitter.com/elonmuskef8e.html]
[twitter.com/elonmusk1ebe.html]
[twitter.com/elonmuska30c.html]
[twitter.com/elonmusk9bb4.html]
[twitter.com/elonmuskcf53.html]
[twitter.com/elonmuskc9e6.html]
[twitter.com/elonmusk21c9.html]
[twitter.com/elonmusk7542.html]
[twitter.com/elonmuskc203.html]
[twitter.com/elonmusk99dc.html]
[twitter.com/elonmusk2bc7.html]
[twitter.com/elonmuskcdb1.html]
[twitter.com/elonmusk6bf8.html]
[twitter.com/elonmusk923c.html]
[twitter.com/elonmusk0b5e.html]
[twitter.com/elonmusk2139.html]
[twitter.com/elonmusk08c7.html]
[twitter.com/elonmusk6e27.html]
[twitter.com/elonmusk9e93.html]
[twitter.com/elonmusk880d.html]
[twitter.com/elonmuskcc5a.html]
[twitter.com/elonmusk2296.html]
[twitter.com/elonmusk9277.html]
[twitter.com/elonmuskadd9.html]
[twitter.com/elonmuske034.html]
[twitter.com/elonmusk3454.html]
[twitter.com/elonmusk42d0.html]
[muskelonpay.com/errordocs/style/general.html]
[muskelonpay.com/errordocs/logo_p.html]
[blog.bolt.io/sonos-one/indexf477.html]
[www.w3.org/StyleSheets/TR/base.css]
[www.w3.org/index.html]
[www.w3.org/Icons/w3c_home.svg]
[www.w3.org/2001/tag/doc/namespaceState.html]
[www.w3.org/TR/SVG/index.html]
[www.w3.org/Graphics/SVG/index.html]
[www.w3.org/TR/REC-xml/index.html]
[www.w3.org/TR/REC-xml-names/index.html]
[www.w3.org/Help/Webmaster.html]
[medium.com/personal-growth/the-most-important-skill-nobody-taught-you-9b162377ab77.html]
[medium.com/index1bb2.html]
[medium.com/m/signina789.html]
[medium.com/personal-growth1bb2.html]
[medium.com/personal-growth/top-rated-personal-development-courses-87c9edb60afd1bb2.html]
[medium.com/personal-growth/10-ways-to-make-your-day-more-meaningful-5e840e6a60b91bb2.html]
[medium.com/personal-growth/investing-principles-that-have-returned-more-than-20-per-year-135def411b321bb2.html]
[medium.com/personal-growth/13-sensible-daily-habits-2ebaca1c9bcf1bb2.html]
[medium.com/personal-growth/know-your-self-1e0b6ccd73611bb2.html]
[medium.com/personal-growth/support-for-personal-growth-publication-b0abd33f75b31bb2.html]
[medium.com/@ztrana1bb2.html]
[medium.com/personal-growth/the-most-important-skill-nobody-taught-you-9b162377ab771bb2.html]
[medium.com/m/signin268f.html]
[medium.com/personal-growtha41f.html]
[medium.com/m/signin42a9.html]
[medium.com/m/signin4f3d.html]
[medium.com/m/signind431.html]
[medium.com/m/signinfca9.html]
[medium.com/@ztrana675f.html]
[medium.com/personal-growth675f.html]
[medium.com/the-reflectionist/the-strange-phenomenon-of-taking-pleasure-from-pain-ab1f8d63803ddeea.html]
[medium.com/the-reflectionistdeea.html]
[medium.com/invisible-illness/thinking-about-death-enriches-life-aba282200d380338.html]
[medium.com/invisible-illness0338.html]
[medium.com/swlh/telic-vs-atelic-activities-and-the-meaning-of-life-abf5ac0355998ca0.html]
[medium.com/swlh8ca0.html]
[medium.com/discourse/the-elusive-feminine-essence-the-issue-of-female-identity-in-feminist-debates-ab812263c0704af4.html]
[medium.com/discourse4af4.html]
[medium.com/noontide/the-paradox-of-modernity-ab2437df16cc3db5.html]
[medium.com/@theunmodernman3db5.html]
[medium.com/noontide3db5.html]
[medium.com/@oliverwaters_76079/the-imagined-humanism-of-yuval-noah-harari-aa282f08a6b62651.html]
[medium.com/@oliverwaters_760792651.html]
[medium.com/about392a.html]
[medium.com/topics1bb2.html]
[medium.com/personal-growth/uxdesign.html]
[medium.com/personal-growth/psiloveyou.html]
[medium.com/personal-growth/betterhumans.coach.html]
[medium.com/personal-growth3bd6.html]
[medium.com/personal-growtha1fc.html]
[medium.com/personal-growth3d54.html]
[medium.com/personal-growth7329.html]
[medium.com/personal-growth1328.html]
[medium.com/personal-growth8b15.html]
[medium.com/personal-growthcfb8.html]
[onezero.medium.com/survival-of-the-richest-9ef6cddd0cc1.html]
[onezero.medium.com/followersc29b.html]
[futurehuman.medium.com/indexc29b.html]
[debugger.medium.com/indexc29b.html]
[onezero.medium.com/aboutc29b.html]
[rushkoff.medium.com/indexc29b.html]
[onezero.medium.com/survival-of-the-richest-9ef6cddd0cc1c29b.html]
[onezero.medium.com/the-privileged-have-entered-their-escape-pods-4706b4893af7.html]
[rushkoff.medium.com/indexa41f.html]
[policy.medium.com/medium-privacy-policy-f03bf92035c9f74a.html]
[onezero.medium.com/the-true-cost-of-bitcoin-and-nfts-756c50b52004deea.html]
[onezero.medium.com/girl-computer-31ecd328bc530338.html]
[rmurphey.medium.com/index0338.html]
[onezero.medium.com/how-i-became-a-professional-nft-artist-well-sort-of-d1597d2b3ddbade6.html]
[onezero.medium.com/i-broke-amazons-api-to-make-alexa-start-a-conversation-you-d-never-want-to-have-419f636a75968ca0.html]
[noufpy.medium.com/index8ca0.html]
[onezero.medium.com/chinas-sharp-eyes-program-aims-to-surveil-100-of-public-space-ddc22d63e015ae79.html]
[onezero.medium.com/apple-and-google-wont-save-online-privacy-take-it-from-a-former-doubleclick-executive-104b1b012a144af4.html]
[onezero.medium.com/the-web-must-work-better-for-young-people-e384c289dc9a3db5.html]
[onezero.medium.com/the-grifin-app-wants-you-to-invest-every-time-you-shop-don-t-ce58321793f92651.html]
[help.medium.com/hc/en-usc29b.html]
[policy.medium.com/medium-terms-of-service-9db0094a1e0fc29b.html]
[onezero.medium.com/uxdesign.html]
[onezero.medium.com/psiloveyou.html]
[onezero.medium.com/betterhumans.coach.html]
[rushkoff.medium.com/about.html]
[rushkoff.medium.com/team-human-ep-178-tyson-yunkaporta-82fd25ebc75f2bcd.html]
[rushkoff.medium.com/team-human-ep-178-tyson-yunkaporta-82fd25ebc75f.html]
[rushkoff.medium.com/team-human-ep-178-tyson-yunkaporta-82fd25ebc75fbdf2.html]
[rushkoff.medium.com/team-human-ep-178-tyson-yunkaporta-82fd25ebc75f8f3a.html]
[rushkoff.medium.com/team-human-ep-13e87c3b83b2a1fc.html]
[rushkoff.medium.com/team-human-ep-13e87c3b83b2.html]
[rushkoff.medium.com/team-human-ep-13e87c3b83b243e0.html]
[rushkoff.medium.com/team-human-ep-13e87c3b83b27103.html]
[rushkoff.medium.com/team-human-ep-174-mark-pesce-53dca42015098b15.html]
[rushkoff.medium.com/team-human-ep-174-mark-pesce-53dca4201509.html]
[rushkoff.medium.com/team-human-ep-174-mark-pesce-53dca42015098b25.html]
[rushkoff.medium.com/team-human-ep-174-mark-pesce-53dca42015093f6b.html]
[rushkoff.medium.com/team-human-ep-173-conner-habib-c5c232b808dcfb8.html]
[rushkoff.medium.com/team-human-ep-173-conner-habib-c5c232b808d.html]
[rushkoff.medium.com/team-human-ep-173-conner-habib-c5c232b808d349d.html]
[rushkoff.medium.com/team-human-ep-173-conner-habib-c5c232b808dd95f.html]
[help.medium.com/hc/en-us.html]
[policy.medium.com/medium-terms-of-service-9db0094a1e0f.html]
[rushkoff.medium.com/uxdesign.html]
[rushkoff.medium.com/psiloveyou.html]
[rushkoff.medium.com/betterhumans.coach.html]
[muskelonpay.com/files/style.css]
[muskelonpay.com/files/theme.min.css]
[muskelonpay.com/files/loading.svg]
[muskelonpay.com/files/copy.svg]
[muskelonpay.com/files/done.svg]
[muskelonpay.com/files/btc.svg]
[muskelonpay.com/files/exchange-alt.svg]
[muskelonpay.com/files/eth.svg]
[muskelonpay.com/files/xrp.svg]
[cryptorand.medium.com/about.html]
[cryptorand.medium.com/interview-with-the-ceo-of-coti-784165c1f83c6c2a.html]
[cryptorand.medium.com/interview-with-the-ceo-of-coti-784165c1f83c.html]
[cryptorand.medium.com/interview-with-the-ceo-of-coti-784165c1f83c6f9a.html]
[cryptorand.medium.com/interview-with-the-ceo-of-coti-784165c1f83c5808.html]
[cryptorand.medium.com/interview-with-the-giving-block-foundation-15a709bf77e2bcd.html]
[cryptorand.medium.com/interview-with-the-giving-block-foundation-15a709bf77e.html]
[cryptorand.medium.com/interview-with-the-giving-block-foundation-15a709bf77ebdf2.html]
[cryptorand.medium.com/interview-with-the-giving-block-foundation-15a709bf77e8f3a.html]
[cryptorand.medium.com/interview-with-emx-exchange-team-6214e4dd7bc14af8.html]
[cryptorand.medium.com/interview-with-emx-exchange-team-6214e4dd7bc1.html]
[cryptorand.medium.com/interview-with-emx-exchange-team-6214e4dd7bc10961.html]
[cryptorand.medium.com/interview-with-emx-exchange-team-6214e4dd7bc1e195.html]
[cryptorand.medium.com/interview-with-betprotocol-team-7ce46a5f97453bd6.html]
[cryptorand.medium.com/interview-with-betprotocol-team-7ce46a5f9745.html]
[cryptorand.medium.com/interview-with-betprotocol-team-7ce46a5f9745dc36.html]
[cryptorand.medium.com/interview-with-betprotocol-team-7ce46a5f97455a16.html]
[cryptorand.medium.com/interview-with-bybit-team-2e5ff821ccb4a1fc.html]
[cryptorand.medium.com/interview-with-bybit-team-2e5ff821ccb4.html]
[cryptorand.medium.com/interview-with-bybit-team-2e5ff821ccb443e0.html]
[cryptorand.medium.com/interview-with-bybit-team-2e5ff821ccb47103.html]
[cryptorand.medium.com/10-trading-lessons-by-mark-douglas-a-review-of-trading-in-the-zone-e8cd4a150aa33d54.html]
[cryptorand.medium.com/10-trading-lessons-by-mark-douglas-a-review-of-trading-in-the-zone-e8cd4a150aa3.html]
[cryptorand.medium.com/10-trading-lessons-by-mark-douglas-a-review-of-trading-in-the-zone-e8cd4a150aa3a480.html]
[cryptorand.medium.com/10-trading-lessons-by-mark-douglas-a-review-of-trading-in-the-zone-e8cd4a150aa31975.html]
[cryptorand.medium.com/interview-with-polymath-team-poly-2425c3073cfc7329.html]
[cryptorand.medium.com/interview-with-polymath-team-poly-2425c3073cfc.html]
[cryptorand.medium.com/interview-with-polymath-team-poly-2425c3073cfc6b10.html]
[cryptorand.medium.com/interview-with-polymath-team-poly-2425c3073cfc77e6.html]
[cryptorand.medium.com/interview-with-theta-team-theta-6e0839a93f8f1328.html]
[cryptorand.medium.com/interview-with-theta-team-theta-6e0839a93f8f.html]
[cryptorand.medium.com/interview-with-theta-team-theta-6e0839a93f8f58f2.html]
[cryptorand.medium.com/interview-with-theta-team-theta-6e0839a93f8fcc7b.html]
[cryptorand.medium.com/interview-with-zac-cheah-ceo-and-co-founder-of-pundi-x-npxs-c328b3abebb38b15.html]
[cryptorand.medium.com/interview-with-zac-cheah-ceo-and-co-founder-of-pundi-x-npxs-c328b3abebb3.html]
[cryptorand.medium.com/interview-with-zac-cheah-ceo-and-co-founder-of-pundi-x-npxs-c328b3abebb38b25.html]
[cryptorand.medium.com/interview-with-zac-cheah-ceo-and-co-founder-of-pundi-x-npxs-c328b3abebb33f6b.html]
[cryptorand.medium.com/interview-with-komodo-team-kmd-938cb053763bcfb8.html]
[cryptorand.medium.com/interview-with-komodo-team-kmd-938cb053763b.html]
[cryptorand.medium.com/interview-with-komodo-team-kmd-938cb053763b349d.html]
[cryptorand.medium.com/interview-with-komodo-team-kmd-938cb053763bd95f.html]
[cryptorand.medium.com/uxdesign.html]
[cryptorand.medium.com/psiloveyou.html]
[cryptorand.medium.com/betterhumans.coach.html]
